[html.bslthemes.com/treto/index.html]
[backblue.gif]
[fade.gif]
[index.html]
[html.bslthemes.com/treto/css/plugins/bootstrap-grid.css]
[html.bslthemes.com/treto/css/plugins/swiper.min.css]
[html.bslthemes.com/treto/css/plugins/magnific-popup.css]
[html.bslthemes.com/treto/fonts/font-awesome/css/all.min.css]
[html.bslthemes.com/treto/css/style.css]
[html.bslthemes.com/treto/favicon.ico]
[html.bslthemes.com/treto/img/logo.png]
[html.bslthemes.com/treto/index-2.html]
[html.bslthemes.com/treto/prices.html]
[html.bslthemes.com/treto/portfolio.html]
[html.bslthemes.com/treto/blog.html]
[html.bslthemes.com/treto/contact.html]
[html.bslthemes.com/treto/img/faces/5.jpg]
[html.bslthemes.com/treto/img/faces/1.jpg]
[html.bslthemes.com/treto/img/certificate.jpg]
[html.bslthemes.com/treto/img/faces/clients/1.jpg]
[html.bslthemes.com/treto/img/faces/clients/2.jpg]
[html.bslthemes.com/treto/img/faces/clients/3.jpg]
[html.bslthemes.com/treto/img/faces/clients/4.jpg]
[html.bslthemes.com/treto/tel+5636366060]
[html.bslthemes.com/treto/tel+5663630606]
[html.bslthemes.com/treto/js/plugins/jquery.min.js]
[html.bslthemes.com/treto/js/plugins/jquery.validate.min.js]
[html.bslthemes.com/treto/js/plugins/magnific-popup.js]
[html.bslthemes.com/treto/js/plugins/onepage.js]
[html.bslthemes.com/treto/js/plugins/swiper.min.js]
[html.bslthemes.com/treto/js/plugins/isotope.min.js]
[html.bslthemes.com/treto/index.html]
[html.bslthemes.com/treto/css/plugins/bootstrap-grid.css]
[html.bslthemes.com/treto/css/plugins/swiper.min.css]
[html.bslthemes.com/treto/css/plugins/magnific-popup.css]
[html.bslthemes.com/treto/js/main.js]
[html.bslthemes.com/treto/fonts/font-awesome/webfonts/fa-brands-400.eot]
[html.bslthemes.com/treto/fonts/font-awesome/webfonts/fa-brands-400d41d.eot]
[html.bslthemes.com/treto/fonts/font-awesome/webfonts/fa-brands-400.woff2]
[html.bslthemes.com/treto/fonts/font-awesome/webfonts/fa-brands-400.woff]
[html.bslthemes.com/treto/fonts/font-awesome/webfonts/fa-brands-400.ttf]
[html.bslthemes.com/treto/fonts/font-awesome/webfonts/fa-brands-400.svg]
[html.bslthemes.com/treto/fonts/font-awesome/webfonts/fa-regular-400.eot]
[html.bslthemes.com/treto/fonts/font-awesome/webfonts/fa-regular-400d41d.eot]
[html.bslthemes.com/treto/fonts/font-awesome/webfonts/fa-regular-400.woff2]
[html.bslthemes.com/treto/fonts/font-awesome/webfonts/fa-regular-400.woff]
[html.bslthemes.com/treto/fonts/font-awesome/webfonts/fa-regular-400.ttf]
[html.bslthemes.com/treto/fonts/font-awesome/webfonts/fa-regular-400.svg]
[html.bslthemes.com/treto/fonts/font-awesome/webfonts/fa-solid-900.eot]
[html.bslthemes.com/treto/fonts/font-awesome/webfonts/fa-solid-900d41d.eot]
[html.bslthemes.com/treto/fonts/font-awesome/webfonts/fa-solid-900.woff2]
[html.bslthemes.com/treto/fonts/font-awesome/webfonts/fa-solid-900.woff]
[html.bslthemes.com/treto/fonts/font-awesome/webfonts/fa-solid-900.ttf]
[html.bslthemes.com/treto/fonts/font-awesome/css/all.min.css]
[html.bslthemes.com/treto/css/style.css]
[html.bslthemes.com/treto/fonts/font-awesome/webfonts/fa-solid-900.svg]
[html.bslthemes.com/treto/img/faces/6.jpg]
[html.bslthemes.com/treto/img/signature.png]
[html.bslthemes.com/treto/index-2.html]
[html.bslthemes.com/treto/prices.html]
[html.bslthemes.com/treto/publication.html]
[html.bslthemes.com/treto/project.html]
[html.bslthemes.com/treto/img/portfolio/1.jpg]
[html.bslthemes.com/treto/img/portfolio/2.jpg]
[html.bslthemes.com/treto/img/portfolio/3.jpg]
[html.bslthemes.com/treto/img/portfolio/4.jpg]
[html.bslthemes.com/treto/img/portfolio/5.jpg]
[html.bslthemes.com/treto/img/portfolio/6.jpg]
[html.bslthemes.com/treto/portfolio.html]
[html.bslthemes.com/treto/img/blog/1.png]
[html.bslthemes.com/treto/img/blog/2.png]
[html.bslthemes.com/treto/img/blog/3.png]
[html.bslthemes.com/treto/blog.html]
[html.bslthemes.com/treto/contact.html]
[html.bslthemes.com/treto/tel+5636366060.html]
[html.bslthemes.com/treto/tel+5663630606.html]
[html.bslthemes.com/treto/fonts/font-awesome/webfonts/fa-brands-400.svg]
[html.bslthemes.com/treto/fonts/font-awesome/webfonts/fa-regular-400.svg]
[html.bslthemes.com/treto/fonts/font-awesome/webfonts/fa-solid-900.svg]
[html.bslthemes.com/treto/publication.html]
[html.bslthemes.com/treto/project.html]
